---
source: src/analyses/compute_rules.rs
info:
  bundle_name: stable_rust
  options:
    match_constructor_through_ref: true
    eat_inherited_ref_alone: false
    inherited_ref_on_ref: EatBoth
    fallback_to_outer: "No"
    allow_ref_pat_on_ref_mut: false
    simplify_deref_mut: true
    downgrade_mut_inside_shared: false
    eat_mut_inside_shared: true
    ref_binding_on_inherited: ResetBindingMode
    mut_binding_on_inherited: ResetBindingMode
---
real, m ⊢ p0: T0,  real, m ⊢ p1: T1
----------------------------------- "Constructor"
_, m ⊢ [p0, p1]: [T0, T1]

inh, ro ⊢ p0: &T0,  inh, ro ⊢ p1: &T1
------------------------------------- "ConstructorRef"
r, m ⊢ [p0, p1]: &[T0, T1]

inh, m ⊢ p0: &mut T0,  inh, m ⊢ p1: &mut T1
------------------------------------------- "ConstructorRef"
r, m ⊢ [p0, p1]: &mut [T0, T1]

inh, ro ⊢ [p0, p1]: &T
---------------------- "ConstructorMultiRef"
r, m ⊢ [p0, p1]: &&T

inh, ro ⊢ [p0, p1]: &T
------------------------ "ConstructorMultiRef"
r, m ⊢ [p0, p1]: &&mut T

inh, ro ⊢ [p0, p1]: &T
------------------------ "ConstructorMultiRef"
r, m ⊢ [p0, p1]: &mut &T

inh, m ⊢ [p0, p1]: &mut T
---------------------------- "ConstructorMultiRef"
r, m ⊢ [p0, p1]: &mut &mut T

real, ro ⊢ p: T
---------------- "Deref(EatOuter)"
real, m ⊢ &p: &T

real, m ⊢ p: T
------------------------ "Deref(EatOuter)"
real, m ⊢ &mut p: &mut T

real, ro ⊢ p: T
---------------- "Deref(EatBoth)"
inh, m ⊢ &p: &&T

real, ro ⊢ p: T
-------------------- "Deref(EatBoth)"
inh, m ⊢ &p: &mut &T

real, m ⊢ p: T
------------------------ "Deref(EatBoth)"
inh, m ⊢ &mut p: &&mut T

real, m ⊢ p: T
---------------------------- "Deref(EatBoth)"
inh, m ⊢ &mut p: &mut &mut T

r, m ⊢ ref x: T
------------------ "RefBindingResetBindingMode"
inh, m ⊢ ref x: &T

r, m ⊢ ref x: T
---------------------- "RefBindingResetBindingMode"
inh, m ⊢ ref x: &mut T

r, m ⊢ ref mut x: T
---------------------- "RefBindingResetBindingMode"
inh, m ⊢ ref mut x: &T

r, m ⊢ ref mut x: T
-------------------------- "RefBindingResetBindingMode"
inh, m ⊢ ref mut x: &mut T

r, m ⊢ mut x: T
------------------ "MutBindingResetBindingMode"
inh, m ⊢ mut x: &T

r, m ⊢ mut x: T
---------------------- "MutBindingResetBindingMode"
inh, m ⊢ mut x: &mut T

inh, m ⊢ x: &T
------------------ "BindingBorrow"
real, m ⊢ ref x: T

inh, m ⊢ x: &mut T
---------------------- "BindingBorrow"
real, m ⊢ ref mut x: T


----------- "Binding"
r, m ⊢ x: T


------------------ "Binding"
real, m ⊢ mut x: T
