---
source: src/compute_rules.rs
info:
  bundle_name: stateless
  options:
    match_constructor_through_ref: true
    eat_inherited_ref_alone: true
    inherited_ref_on_ref: EatOuter
    fallback_to_outer: false
    allow_ref_pat_on_ref_mut: true
    simplify_deref_mut: true
    downgrade_mut_inside_shared: false
    ref_binding_on_inherited: AllocTemporary
    mut_binding_on_inherited: Keep
---
place, m ⊢ p0: T0,  place, m ⊢ p1: T1
----------------------------------------- "Constructor"
place, m ⊢ [p0, p1]: [T0, T1]

value, ro ⊢ p0: &T0,  value, ro ⊢ p1: &T1
--------------------------------------------- "ConstructorRef"
b, m ⊢ [p0, p1]: &[T0, T1]

value, m ⊢ p0: &mut T0,  value, m ⊢ p1: &mut T1
--------------------------------------------------- "ConstructorRef"
b, m ⊢ [p0, p1]: &mut [T0, T1]

value, ro ⊢ [p0, p1]: &T
-------------------------- "ConstructorMultiRef"
b, m ⊢ [p0, p1]: &&T

value, ro ⊢ [p0, p1]: &T
-------------------------- "ConstructorMultiRef"
b, m ⊢ [p0, p1]: &&mut T

value, ro ⊢ [p0, p1]: &T
-------------------------- "ConstructorMultiRef"
b, m ⊢ [p0, p1]: &mut &T

value, m ⊢ [p0, p1]: &mut T
------------------------------ "ConstructorMultiRef"
b, m ⊢ [p0, p1]: &mut &mut T

place, ro ⊢ p: T
------------------ "Deref(EatOuter)"
b, m ⊢ &p: &T

place, m ⊢ p: T
----------------------- "Deref(EatOuter)"
b, m ⊢ &mut p: &mut T

place, ro ⊢ p: T
------------------- "DerefMutWithShared(EatOuter)"
b, m ⊢ &p: &mut T

value, m ⊢ x: &T
------------------ "BindingBorrow"
b, m ⊢ ref x: T

value, m ⊢ x: &mut T
---------------------- "BindingBorrow"
b, m ⊢ ref mut x: T


------------- "Binding"
b, m ⊢ x: T


----------------- "Binding"
b, m ⊢ mut x: T
