---
source: tests/trace_solver.rs
info:
  options:
    ref_on_ref: AllocTemporary
    mut_on_ref: Keep
    allow_ref_pat_on_ref_mut: true
    simplify_expressions: true
    eat_two_layers: false
    eat_inherited_ref_alone: true
  request: "mut ref mut x: T"
---
mut ref mut x @ p: T
// Applying rule `Binding`
mut x @ &mut p: &mut T

// Final bindings:
let mut x: &mut T = &mut p
