---
source: tests/trace_solver.rs
info:
  options:
    ref_on_ref: AllocTemporary
    mut_on_ref: Keep
    allow_ref_pat_on_ref_mut: true
    simplify_expressions: true
    eat_two_layers: false
    eat_inherited_ref_alone: true
    downgrade_shared_inside_shared: false
  request: "ref x: T"
---
ref x @ p: T
// Applying rule `Binding`
x @ &p: &T

// Final bindings (simplified):
let x: &T = &p
