---
source: tests/trace_solver.rs
info:
  options:
    ref_binding_on_inherited: ResetBindingMode
    mut_binding_on_inherited: Error
    inherited_ref_on_ref: EatInner
    allow_ref_pat_on_ref_mut: true
    simplify_deref_mut: true
    eat_inherited_ref_alone: true
    downgrade_mut_inside_shared: true
    rules_display_style: Plain
  bundle_name: ergo2024
  request: "[&mut ref mut x]: &mut [&T]"
---
[&mut ref mut x] @ p: &mut [&T]
// Applying rule `ConstructorRef`
&mut ref mut x @ &mut (*p).0: &mut &T
// Applying rule `Deref(EatInner)`
ref mut x @ (*p).0: &T
// Applying rule `BindingBorrow`
x @ &mut (*p).0: &mut &T
// Applying rule `Binding`
let x: &mut &T = &mut (*p).0

// Final bindings (simplified):
let x: &mut &T = &mut (*p).0;
